******************************************************************************
                  TI ARM Linker Unix v18.1.3                   
******************************************************************************
>> Linked Fri Dec 21 15:48:19 2018

OUTPUT FILE NAME:   <tms570_rtos.out>
ENTRY POINT SYMBOL: "_c_int00"  address: 00010f0c


MEMORY CONFIGURATION

         name            origin    length      used     unused   attr    fill
----------------------  --------  ---------  --------  --------  ----  --------
  VECTORS               00000000   00000020  00000020  00000000     X
  KERNEL                00000020   00008000  00005230  00002dd0  R  X
  FLASH0                00008020   001f7fe0  00009448  001eeb98  R  X
  FLASH1                00200000   00200000  00000000  00200000  R  X
  STACKS                08000000   00000800  00000000  00000800  RW  
  KRAM                  08000800   00000800  00000104  000006fc  RW  
  RAM                   08001000   0007f000  00002090  0007cf70  RW  


SEGMENT ALLOCATION MAP

run origin  load origin   length   init length attrs members
----------  ----------- ---------- ----------- ----- -------
00000000    00000000    00005250   00005250    r-x
  00000000    00000000    00000020   00000020    r-x .intvecs
  00000020    00000020    000051e0   000051e0    r-x .kernelTEXT
  00005200    00005200    00000050   00000050    r-- .cinit
00008020    00008020    000091f8   000091f8    r-x
  00008020    00008020    000091f8   000091f8    r-x .text
00011220    00011220    00000250   00000250    r--
  00011220    00011220    00000250   00000250    r-- .const
08000800    08000800    00000104   00000000    rw-
  08000800    08000800    00000104   00000000    rw- .kernelBSS
08001000    08001000    00002090   00000000    rw-
  08001000    08001000    00002000   00000000    rw- .kernelHEAP
  08003000    08003000    00000070   00000000    rw- .bss
  08003070    08003070    00000020   00000000    rw- .data


SECTION ALLOCATION MAP

 output                                  attributes/
section   page    origin      length       input sections
--------  ----  ----------  ----------   ----------------
.intvecs   0    00000000    00000020     
                  00000000    00000020     HL_sys_intvecs.obj (.intvecs)

.kernelTEXT 
*          0    00000020    000051e0     
                  00000020    00002bdc     os_tasks.obj (.kernelTEXT)
                  00002bfc    000011dc     os_queue.obj (.kernelTEXT)
                  00003dd8    0000081c     os_event_groups.obj (.kernelTEXT)
                  000045f4    000004b0     os_portasm.obj (.kernelTEXT)
                  00004aa4    000003dc     os_port.obj (.kernelTEXT)
                  00004e80    00000380     os_heap.obj (.kernelTEXT)

.cinit     0    00005200    00000050     
                  00005200    0000000c     (__TI_handler_table)
                  0000520c    0000000b     (.cinit..data.load) [load image, compression = lzss]
                  00005217    00000009     (.cinit..kernelBSS.load) [load image, compression = lzss]
                  00005220    00000008     (.cinit..bss.load) [load image, compression = zero_init]
                  00005228    00000008     (.cinit..kernelHEAP.load) [load image, compression = zero_init]
                  00005230    00000020     (__TI_cinit_table)

.text      0    00008020    000091f8     
                  00008020    0000235c     HL_etpwm.obj (.text)
                  0000a37c    00000aa4     HL_can.obj (.text)
                  0000ae20    000009c8     HL_pinmux.obj (.text)
                  0000b7e8    000009a0     os_mpu_wrappers.obj (.text)
                  0000c188    0000095c     HL_system.obj (.text)
                  0000cae4    00000940     HL_sys_vim.obj (.text)
                  0000d424    00000870     HL_sci.obj (.text)
                  0000dc94    000007d0     rtsv7R4_A_be_v3D16_eabi.lib : e_pow.c.obj (.text:pow)
                  0000e464    0000078c     HL_esm.obj (.text)
                  0000ebf0    00000504     HL_sys_main.obj (.text)
                  0000f0f4    00000484     HL_gio.obj (.text)
                  0000f578    000003c4     HL_sys_core.obj (.text)
                  0000f93c    0000036c     HL_sys_mpu.obj (.text)
                  0000fca8    0000033c     HL_sys_vim.obj (.text:retain)
                  0000ffe4    00000278     os_heap.obj (.text)
                  0001025c    00000238     os_list.obj (.text)
                  00010494    0000019c     HL_can.obj (.text:retain)
                  00010630    00000180     rtsv7R4_A_be_v3D16_eabi.lib : memcpy32.asm.obj (.text)
                  000107b0    00000178     HL_esm.obj (.text:retain)
                  00010928    00000164     os_tasks.obj (.text)
                  00010a8c    0000013c     rtsv7R4_A_be_v3D16_eabi.lib : s_floor.c.obj (.text:floor)
                  00010bc8    0000013c     os_port.obj (.text)
                  00010d04    00000120     rtsv7R4_A_be_v3D16_eabi.lib : s_scalbn.c.obj (.text:scalbn)
                  00010e24    000000e8     HL_notification.obj (.text)
                  00010f0c    000000b4     HL_sys_startup.obj (.text:retain)
                  00010fc0    000000b0     rtsv7R4_A_be_v3D16_eabi.lib : memset32.asm.obj (.text)
                  00011070    00000090                                 : copy_decompress_lzss.c.obj (.text:decompress:lzss:__TI_decompress_lzss)
                  00011100    00000068                                 : autoinit.c.obj (.text:__TI_auto_init_nobinit_nopinit:__TI_auto_init_nobinit_nopinit)
                  00011168    00000038                                 : e_sqrt.c.obj (.text:sqrt)
                  000111a0    00000020                                 : strlen.c.obj (.text:strlen)
                  000111c0    0000001c                                 : s_copysign.c.obj (.text:copysign)
                  000111dc    00000014                                 : copy_decompress_none.c.obj (.text:decompress:none:__TI_decompress_none)
                  000111f0    00000010                                 : copy_zero_init.c.obj (.text:decompress:ZI:__TI_zero_init)
                  00011200    0000000c                                 : errno.c.obj (.text:__aeabi_errno_addr)
                  0001120c    00000008                                 : exit.c.obj (.text:abort:abort)
                  00011214    00000004     HL_sys_phantom.obj (.text:retain)

.const     0    00011220    00000250     
                  00011220    00000200     HL_sys_vim.obj (.const:s_vim_init)
                  00011420    00000020     HL_can.obj (.const:s_canByteOrder)
                  00011440    00000010     rtsv7R4_A_be_v3D16_eabi.lib : e_pow.c.obj (.const:bp)
                  00011450    00000010                                 : e_pow.c.obj (.const:dp_h)
                  00011460    00000010                                 : e_pow.c.obj (.const:dp_l)

.kernelBSS 
*          0    08000800    00000104     UNINITIALIZED
                  08000800    000000d0     os_tasks.obj (.kernelBSS:uninit)
                  080008d0    00000034     os_tasks.obj (.kernelBSS:init)

.kernelHEAP 
*          0    08001000    00002000     UNINITIALIZED
                  08001000    00002000     os_heap.obj (.kernelHEAP)

.bss       0    08003000    00000070     UNINITIALIZED
                  08003000    00000050     HL_sci.obj (.bss:g_sciTransfer_t)
                  08003050    00000008     os_heap.obj (.bss:xStart)
                  08003058    00000008     (.common:rx_data)
                  08003060    00000004     (.common:accel)
                  08003064    00000004     (.common:collision)
                  08003068    00000004     (.common:steering)
                  0800306c    00000004     (.common:task0)

.data      0    08003070    00000020     UNINITIALIZED
                  08003070    00000010     os_heap.obj (.data)
                  08003080    00000008     os_port.obj (.data)
                  08003088    00000004     HL_sys_main.obj (.data)
                  0800308c    00000004     rtsv7R4_A_be_v3D16_eabi.lib : errno.c.obj (.data)

MODULE SUMMARY

       Module                       code    ro data   rw data
       ------                       ----    -------   -------
    ./source/
       os_tasks.obj                 11584   0         260    
       os_heap.obj                  1528    0         8216   
       HL_etpwm.obj                 9052    0         0      
       os_queue.obj                 4572    0         0      
       HL_sys_vim.obj               3196    512       0      
       HL_can.obj                   3136    32        0      
       HL_pinmux.obj                2504    0         0      
       os_mpu_wrappers.obj          2464    0         0      
       HL_system.obj                2396    0         0      
       HL_esm.obj                   2308    0         0      
       HL_sci.obj                   2160    0         80     
       os_event_groups.obj          2076    0         0      
       HL_sys_main.obj              1284    0         28     
       os_port.obj                  1304    0         8      
       os_portasm.obj               1200    0         0      
       HL_gio.obj                   1156    0         0      
       HL_sys_core.obj              964     0         0      
       HL_sys_mpu.obj               876     0         0      
       os_list.obj                  568     0         0      
       HL_notification.obj          232     0         0      
       HL_sys_startup.obj           180     0         0      
       HL_sys_intvecs.obj           32      0         0      
       HL_sys_phantom.obj           4       0         0      
    +--+----------------------------+-------+---------+---------+
       Total:                       54776   544       8592   
                                                             
    /home/koitt/ti/ccsv8/tools/compiler/ti-cgt-arm_18.1.3.LTS/lib/rtsv7R4_A_be_v3D16_eabi.lib
       e_pow.c.obj                  2000    48        0      
       memcpy32.asm.obj             384     0         0      
       s_floor.c.obj                316     0         0      
       s_scalbn.c.obj               288     0         0      
       memset32.asm.obj             176     0         0      
       copy_decompress_lzss.c.obj   144     0         0      
       autoinit.c.obj               104     0         0      
       e_sqrt.c.obj                 56      0         0      
       strlen.c.obj                 32      0         0      
       s_copysign.c.obj             28      0         0      
       copy_decompress_none.c.obj   20      0         0      
       copy_zero_init.c.obj         16      0         0      
       errno.c.obj                  12      0         4      
       exit.c.obj                   8       0         0      
    +--+----------------------------+-------+---------+---------+
       Total:                       3584    48        4      
                                                             
       Linker Generated:            0       80        0      
    +--+----------------------------+-------+---------+---------+
       Grand Total:                 58360   672       8596   


LINKER GENERATED COPY TABLES

__TI_cinit_table @ 00005230 records: 4, size/record: 8, table size: 32
	.data: load addr=0000520c, load size=0000000b bytes, run addr=08003070, run size=00000020 bytes, compression=lzss
	.kernelBSS: load addr=00005217, load size=00000009 bytes, run addr=08000800, run size=00000104 bytes, compression=lzss
	.bss: load addr=00005220, load size=00000008 bytes, run addr=08003000, run size=00000070 bytes, compression=zero_init
	.kernelHEAP: load addr=00005228, load size=00000008 bytes, run addr=08001000, run size=00002000 bytes, compression=zero_init


LINKER GENERATED HANDLER TABLE

__TI_handler_table @ 00005200 records: 3, size/record: 4, table size: 12
	index: 0, handler: __TI_decompress_lzss
	index: 1, handler: __TI_decompress_none
	index: 2, handler: __TI_zero_init


GLOBAL SYMBOLS: SORTED ALPHABETICALLY BY Name 

address   name                                  
-------   ----                                  
0001120c  C$$EXIT                               
0000b9b8  MPU_eTaskGetState                     
0000bb20  MPU_pcTaskGetName                     
0000bc00  MPU_pvTaskGetThreadLocalStoragePointer
0000bd18  MPU_ulTaskNotifyTake                  
0000bed4  MPU_uxQueueMessagesWaiting            
0000bf08  MPU_uxQueueSpacesAvailable            
0000baf4  MPU_uxTaskGetNumberOfTasks            
0000bb88  MPU_uxTaskGetStackHighWaterMark       
0000b984  MPU_uxTaskPriorityGet                 
0000c15c  MPU_vEventGroupDelete                 
0000bf3c  MPU_vQueueDelete                      
0000b890  MPU_vTaskAllocateMPURegions           
0000b8f0  MPU_vTaskDelay                        
0000b91c  MPU_vTaskDelayUntil                   
0000b8c4  MPU_vTaskDelete                       
0000b9ec  MPU_vTaskPrioritySet                  
0000ba4c  MPU_vTaskResume                       
0000bbbc  MPU_vTaskSetThreadLocalStoragePointer 
0000bd90  MPU_vTaskSetTimeOutState              
0000ba20  MPU_vTaskSuspend                      
0000ba78  MPU_vTaskSuspendAll                   
0000c080  MPU_xEventGroupClearBits              
0000bff8  MPU_xEventGroupCreate                 
0000c0c4  MPU_xEventGroupSetBits                
0000c108  MPU_xEventGroupSync                   
0000c024  MPU_xEventGroupWaitBits               
0000bf68  MPU_xQueueGenericCreate               
0000be80  MPU_xQueueGenericReceive              
0000bfb4  MPU_xQueueGenericReset                
0000be2c  MPU_xQueueGenericSend                 
0000b950  MPU_xTaskAbortDelay                   
0000bdbc  MPU_xTaskCheckForTimeOut              
0000b7e8  MPU_xTaskCreate                       
0000b84c  MPU_xTaskCreateRestricted             
0000bc70  MPU_xTaskGenericNotify                
0000bb54  MPU_xTaskGetHandle                    
0000bc44  MPU_xTaskGetIdleTaskHandle            
0000be00  MPU_xTaskGetSchedulerState            
0000bac8  MPU_xTaskGetTickCount                 
0000bd5c  MPU_xTaskNotifyStateClear             
0000bcc4  MPU_xTaskNotifyWait                   
0000ba9c  MPU_xTaskResumeAll                    
UNDEFED   SHT$$INIT_ARRAY$$Base                 
UNDEFED   SHT$$INIT_ARRAY$$Limit                
00005230  __TI_CINIT_Base                       
00005250  __TI_CINIT_Limit                      
00005200  __TI_Handler_Table_Base               
0000520c  __TI_Handler_Table_Limit              
0000f934  __TI_PINIT_Base                       
0000f938  __TI_PINIT_Limit                      
00011100  __TI_auto_init_nobinit_nopinit        
00011070  __TI_decompress_lzss                  
000111dc  __TI_decompress_none                  
ffffffff  __TI_pprof_out_hndl                   
ffffffff  __TI_prof_data_size                   
ffffffff  __TI_prof_data_start                  
00000000  __TI_static_base__                    
000111f0  __TI_zero_init                        
00011200  __aeabi_errno_addr                    
00010fc0  __aeabi_memclr                        
00010fc0  __aeabi_memclr4                       
00010fc0  __aeabi_memclr8                       
00010630  __aeabi_memcpy                        
00010630  __aeabi_memcpy4                       
00010630  __aeabi_memcpy8                       
00010fc4  __aeabi_memset                        
00010fc4  __aeabi_memset4                       
00010fc4  __aeabi_memset8                       
ffffffff  __binit__                             
ffffffff  __c_args__                            
00010f0c  _c_int00                              
0000f8e8  _cacheDisable_                        
0000f8a4  _cacheEnable_                         
0000f884  _checkMemInitOn_                      
0000f790  _coreClearAuxiliaryDataFault_         
0000f7a4  _coreClearAuxiliaryInstructionFault_  
0000f768  _coreClearDataFaultAddress_           
0000f740  _coreClearDataFault_                  
0000f77c  _coreClearInstructionFaultAddress_    
0000f754  _coreClearInstructionFault_           
0000f718  _coreDisableEventBusExport_           
0000f708  _coreEnableEventBusExport_            
0000f728  _coreEnableIrqVicOffset_              
0000f6f0  _coreEnableVfp_                       
0000f788  _coreGetAuxiliaryDataFault_           
0000f79c  _coreGetAuxiliaryInstructionFault_    
0000f760  _coreGetDataFaultAddress_             
0000f738  _coreGetDataFault_                    
0000f774  _coreGetInstructionFaultAddress_      
0000f74c  _coreGetInstructionFault_             
0000f578  _coreInitRegisters_                   
0000f684  _coreInitStackPointer_                
0000f90c  _dCacheInvalidate_                    
0000f7b0  _disable_IRQ_interrupt_               
0000f7b8  _enable_IRQ_interrupt_                
0000f7c0  _enable_interrupt_                    
0000f7c8  _esmCcmErrorsClear_                   
0000f6d0  _getCPSRValue_                        
0000f6d8  _gotoCPUIdle_                         
0000f920  _iCacheInvalidate_                    
0000f850  _memInit_                             
0000fc50  _mpuAreRegionsSeparate_               
0000fc34  _mpuDisableBackgroundRegion_          
0000fc0c  _mpuDisable_                          
0000fc24  _mpuEnableBackgroundRegion_           
0000fbf4  _mpuEnable_                           
0000fc44  _mpuGetNumberOfRegions_               
0000fc74  _mpuGetRegionBaseAddress_             
0000fc94  _mpuGetRegionPermission_              
0000fc88  _mpuGetRegionType_                    
0000fc64  _mpuGetRegion_                        
0000f93c  _mpuInit_                             
0000fc6c  _mpuSetRegionBaseAddress_             
0000fca0  _mpuSetRegionSizeRegister_            
0000fc7c  _mpuSetRegionTypeAndPermission_       
0000fc5c  _mpuSetRegion_                        
UNDEFED   _system_post_cinit                    
0001120c  abort                                 
08003060  accel                                 
ffffffff  binit                                 
0000ac68  can1GetConfigValue                    
00010494  can1HighLevelInterrupt                
0001057c  can1LowLevelInterrupt                 
0000ab08  canDisableErrorNotification           
0000aae8  canDisableStatusChangeNotification    
0000ab60  canDisableloopback                    
0000aaa8  canEnableErrorNotification            
0000aac8  canEnableStatusChangeNotification     
0000ab28  canEnableloopback                     
00010e70  canErrorNotification                  
0000a850  canFillMessageObjectData              
0000a578  canGetData                            
0000aa84  canGetErrorLevel                      
0000a6d0  canGetID                              
0000aa60  canGetLastError                       
0000a37c  canInit                               
0000ac4c  canIoRxGetBit                         
0000ab90  canIoSetDirection                     
0000abe0  canIoSetPort                          
0000ac30  canIoTxGetBit                         
0000aa04  canIsMessageBoxValid                  
0000a9a8  canIsRxMessageArrived                 
0000a94c  canIsTxMessagePending                 
0000f07c  canMessageNotification                
0000a7b0  canSendRemoteFrame                    
00010e84  canStatusChangeNotification           
0000a47c  canTransmit                           
0000a738  canUpdateID                           
08003064  collision                             
000111c0  copysign                              
000111c0  copysignl                             
00010e5c  dmaGroupANotification                 
00001f18  eTaskConfirmSleepModeStatus           
00000890  eTaskGetState                         
00010ef8  epcCAMFullNotification                
00010efc  epcFIFOFullNotification               
0800308c  errno                                 
0000e674  esmActivateNormalOperation            
0000e7c0  esmClearStatus                        
0000e824  esmClearStatusBuffer                  
0000e800  esmClearStatusUpper                   
0000e620  esmDisableError                       
0000e648  esmDisableErrorUpper                  
0000e6c8  esmDisableInterrupt                   
0000e6f0  esmDisableInterruptUpper              
0000e5dc  esmEnableError                        
0000e604  esmEnableErrorUpper                   
0000e684  esmEnableInterrupt                    
0000e6ac  esmEnableInterruptUpper               
0000e954  esmEnterSelfTest                      
0000e5c0  esmError                              
0000ea2c  esmGetConfigValue                     
0000e860  esmGetStatus                          
0000e92c  esmGetStatusBuffer                    
0000e8e4  esmGetStatusUpper                     
00010e24  esmGroup1Notification                 
00010e38  esmGroup2Notification                 
00010e4c  esmGroup3Notification                 
000107b0  esmHighInterrupt                      
0000e464  esmInit                               
0000e9dc  esmSelfTestStatus                     
0000e840  esmSetCounterPreloadValue             
0000e70c  esmSetInterruptLevel                  
0000e780  esmSetInterruptLevelUpper             
0000e664  esmTriggerErrorPinReset               
00008c8c  etpwm1GetConfigValue                  
00009014  etpwm2GetConfigValue                  
00009308  etpwm3GetConfigValue                  
000095e8  etpwm4GetConfigValue                  
000098c8  etpwm5GetConfigValue                  
00009bb0  etpwm6GetConfigValue                  
00009ebc  etpwm7GetConfigValue                  
00008bc0  etpwmClearEventFlag                   
00008990  etpwmClearTripCondition               
000089b0  etpwmClearTripInterruptFlag           
00008854  etpwmDisableChopping                  
00008620  etpwmDisableCmpAShadowMode            
00008680  etpwmDisableCmpBShadowMode            
000084b0  etpwmDisableCounterLoadOnSync         
000087d4  etpwmDisableDeadband                  
00008b84  etpwmDisableInterrupt                 
00008a60  etpwmDisableSOCA                      
00008af8  etpwmDisableSOCB                      
0000841c  etpwmDisableTimebasePeriodShadowMode  
00008960  etpwmDisableTripInterrupt             
00008898  etpwmDisableTripZoneSources           
00008820  etpwmEnableChopping                   
000085e4  etpwmEnableCmpAShadowMode             
00008640  etpwmEnableCmpBShadowMode             
00008460  etpwmEnableCounterLoadOnSync          
00008780  etpwmEnableDeadBand                   
00008c00  etpwmEnableDigitalCompareEvents       
00008b18  etpwmEnableInterrupt                  
000089ec  etpwmEnableSOCA                       
00008a84  etpwmEnableSOCB                       
0000843c  etpwmEnableTimebasePeriodShadowMode   
00008938  etpwmEnableTripInterrupt              
00008870  etpwmEnableTripZoneSources            
000089cc  etpwmForceTripEvent                   
00008ba8  etpwmGetEventStatus                   
00008020  etpwmInit                             
00010ed4  etpwmNotification                     
000086a0  etpwmSetActionQualPwmA                
00008710  etpwmSetActionQualPwmB                
00008394  etpwmSetClkDiv                        
000085a4  etpwmSetCmpA                          
000085c4  etpwmSetCmpB                          
000083fc  etpwmSetCount                         
00008510  etpwmSetCounterMode                   
000087f0  etpwmSetDeadBandDelay                 
0000856c  etpwmSetRunMode                       
000084d4  etpwmSetSyncOut                       
000083dc  etpwmSetTimebasePeriod                
000088c8  etpwmSetTripAction                    
00008300  etpwmStartTBCLK                       
0000834c  etpwmStopTBCLK                        
00008be0  etpwmTriggerEvent                     
0000854c  etpwmTriggerSWSync                    
00010ee4  etpwmTripNotification                 
00010a8c  floor                                 
00010a8c  floorl                                
0000c4f4  getResetSource                        
0000f354  gioDisableNotification                
0000f2ec  gioEnableNotification                 
0000f254  gioGetBit                             
0000f3bc  gioGetConfigValue                     
0000f27c  gioGetPort                            
0000f0f4  gioInit                               
00010eac  gioNotification                       
0000f1e4  gioSetBit                             
0000f1c4  gioSetDirection                       
0000f234  gioSetPort                            
0000f294  gioToggleBit                          
00010d04  ldexp                                 
00010d04  ldexpl                                
0000ebf0  main                                  
0000c324  mapClocks                             
00010630  memcpy                                
00010fd0  memset                                
08003088  mutex                                 
0000ae20  muxInit                               
00001354  pcTaskGetName                         
0000c270  periphInit                            
00011214  phantomInterrupt                      
0000dcb4  pow                                   
0000dcb4  powl                                  
00004a7c  prvMpuDisable                         
00004a64  prvMpuEnable                          
00004a4c  prvMpuSetRegion                       
00004e80  pvPortMalloc                          
00001ff8  pvTaskGetThreadLocalStoragePointer    
080008d0  pxCurrentTCB                          
00004aa4  pxPortInitialiseStack                 
00000000  resetEntry                            
08003058  rx_data                               
00010d04  scalbn                                
00010d04  scalbnl                               
0000dae0  sci1GetConfigValue                    
0000d954  sciDisableLoopback                    
0000da08  sciDisableNotification                
0000d920  sciEnableLoopback                     
0000d970  sciEnableNotification                 
0000daa0  sciEnterResetState                    
0000dac0  sciExitResetState                     
0000d424  sciInit                               
0000d798  sciIsIdleDetected                     
0000d77c  sciIsRxReady                          
0000d5cc  sciIsTxReady                          
00010ec0  sciNotification                       
0000d810  sciReceive                            
0000d7e4  sciReceiveByte                        
0000d7b4  sciRxError                            
0000d618  sciSend                               
0000d5e8  sciSendByte                           
0000d530  sciSetBaudrate                        
0000d510  sciSetFunctional                      
0000f000  sci_display                           
0000c230  setupFlash                            
0000c188  setupPLL                              
00011168  sqrt                                  
00011168  sqrtl                                 
08003068  steering                              
000111a0  strlen                                
0000c61c  systemGetConfigValue                  
0000c450  systemInit                            
0000c4c4  systemPowerDown                       
0800306c  task0                                 
0000ecb8  task0_func                            
0000ef1c  task1_func                            
0000c1e8  trimLPO                               
08003080  ulCriticalNesting                     
00004974  ulPortCountLeadingZeros               
08003084  ulTaskHasFPUContext                   
00002390  ulTaskNotifyTake                      
00010408  uxListRemove                          
00003910  uxQueueMessagesWaiting                
00003994  uxQueueMessagesWaitingFromISR         
00003948  uxQueueSpacesAvailable                
00001348  uxTaskGetNumberOfTasks                
0000223c  uxTaskGetStackHighWaterMark           
00000994  uxTaskPriorityGet                     
000009d8  uxTaskPriorityGetFromISR              
00002354  uxTaskResetEventItemValue             
0000456c  vEventGroupClearBitsCallback          
000044cc  vEventGroupDelete                     
00004550  vEventGroupSetBitsCallback            
0001025c  vListInitialise                       
000102b4  vListInitialiseItem                   
00010344  vListInsert                           
000102d0  vListInsertEnd                        
00004e4c  vPortEndScheduler                     
000050d8  vPortFree                             
000051e8  vPortInitialiseBlocks                 
00004968  vPortInitialiseFPSCR                  
00004868  vPortPreemptiveTick                   
0000497c  vPortSWI                              
000045f8  vPortStartFirstTask                   
00004bb8  vPortStoreTaskMPUSettings             
00004774  vPortYeildWithinAPI                   
00004688  vPortYieldProcessor                   
000039c4  vQueueDelete                          
00002064  vTaskAllocateMPURegions               
0000080c  vTaskDelay                            
000006a0  vTaskDelayUntil                       
00000538  vTaskDelete                           
00001084  vTaskEndScheduler                     
00001f08  vTaskMissedYield                      
00002954  vTaskNotifyGiveFromISR                
00001ad0  vTaskPlaceOnEventList                 
00001b14  vTaskPlaceOnUnorderedEventList        
00000a20  vTaskPrioritySet                      
00000e20  vTaskResume                           
00001f94  vTaskSetThreadLocalStoragePointer     
00001d90  vTaskSetTimeOutState                  
00000fec  vTaskStartScheduler                   
0000166c  vTaskStepTick                         
00000c18  vTaskSuspend                          
000010a0  vTaskSuspendAll                       
000019f0  vTaskSwitchContext                    
0000cbb8  vimChannelMap                         
0000ce24  vimDisableInterrupt                   
0000fca8  vimECCErrorHandler                    
0000cc5c  vimEnableInterrupt                    
0000ced0  vimGetConfigValue                     
0000cae4  vimInit                               
0000efc0  wait                                  
00004268  xEventGroupClearBits                  
00003dd8  xEventGroupCreate                     
000042ec  xEventGroupGetBitsFromISR             
0000431c  xEventGroupSetBits                    
00003e14  xEventGroupSync                       
00004014  xEventGroupWaitBits                   
000051d0  xPortGetFreeHeapSize                  
000051dc  xPortGetMinimumEverFreeHeapSize       
00004e2c  xPortStartScheduler                   
00002d24  xQueueGenericCreate                   
000033fc  xQueueGenericReceive                  
00002bfc  xQueueGenericReset                    
00002e40  xQueueGenericSend                     
00003100  xQueueGenericSendFromISR              
00003290  xQueueGiveFromISR                     
00003cfc  xQueueIsQueueEmptyFromISR             
00003d88  xQueueIsQueueFullFromISR              
0000381c  xQueuePeekFromISR                     
000036d4  xQueueReceiveFromISR                  
000016c8  xTaskAbortDelay                       
00001dd0  xTaskCheckForTimeOut                  
000000fc  xTaskCreate                           
00000020  xTaskCreateRestricted                 
00002580  xTaskGenericNotify                    
00002754  xTaskGenericNotifyFromISR             
0000152c  xTaskGetHandle                        
00001634  xTaskGetIdleTaskHandle                
00002304  xTaskGetSchedulerState                
00001308  xTaskGetTickCount                     
00001324  xTaskGetTickCountFromISR              
000017c8  xTaskIncrementTick                    
00010a10  xTaskNotifyStateClear                 
00002468  xTaskNotifyWait                       
00001b98  xTaskRemoveFromEventList              
00001c88  xTaskRemoveFromUnorderedEventList     
00001158  xTaskResumeAll                        
00000f04  xTaskResumeFromISR                    


GLOBAL SYMBOLS: SORTED BY Symbol Address 

address   name                                  
-------   ----                                  
00000000  __TI_static_base__                    
00000000  resetEntry                            
00000020  xTaskCreateRestricted                 
000000fc  xTaskCreate                           
00000538  vTaskDelete                           
000006a0  vTaskDelayUntil                       
0000080c  vTaskDelay                            
00000890  eTaskGetState                         
00000994  uxTaskPriorityGet                     
000009d8  uxTaskPriorityGetFromISR              
00000a20  vTaskPrioritySet                      
00000c18  vTaskSuspend                          
00000e20  vTaskResume                           
00000f04  xTaskResumeFromISR                    
00000fec  vTaskStartScheduler                   
00001084  vTaskEndScheduler                     
000010a0  vTaskSuspendAll                       
00001158  xTaskResumeAll                        
00001308  xTaskGetTickCount                     
00001324  xTaskGetTickCountFromISR              
00001348  uxTaskGetNumberOfTasks                
00001354  pcTaskGetName                         
0000152c  xTaskGetHandle                        
00001634  xTaskGetIdleTaskHandle                
0000166c  vTaskStepTick                         
000016c8  xTaskAbortDelay                       
000017c8  xTaskIncrementTick                    
000019f0  vTaskSwitchContext                    
00001ad0  vTaskPlaceOnEventList                 
00001b14  vTaskPlaceOnUnorderedEventList        
00001b98  xTaskRemoveFromEventList              
00001c88  xTaskRemoveFromUnorderedEventList     
00001d90  vTaskSetTimeOutState                  
00001dd0  xTaskCheckForTimeOut                  
00001f08  vTaskMissedYield                      
00001f18  eTaskConfirmSleepModeStatus           
00001f94  vTaskSetThreadLocalStoragePointer     
00001ff8  pvTaskGetThreadLocalStoragePointer    
00002064  vTaskAllocateMPURegions               
0000223c  uxTaskGetStackHighWaterMark           
00002304  xTaskGetSchedulerState                
00002354  uxTaskResetEventItemValue             
00002390  ulTaskNotifyTake                      
00002468  xTaskNotifyWait                       
00002580  xTaskGenericNotify                    
00002754  xTaskGenericNotifyFromISR             
00002954  vTaskNotifyGiveFromISR                
00002bfc  xQueueGenericReset                    
00002d24  xQueueGenericCreate                   
00002e40  xQueueGenericSend                     
00003100  xQueueGenericSendFromISR              
00003290  xQueueGiveFromISR                     
000033fc  xQueueGenericReceive                  
000036d4  xQueueReceiveFromISR                  
0000381c  xQueuePeekFromISR                     
00003910  uxQueueMessagesWaiting                
00003948  uxQueueSpacesAvailable                
00003994  uxQueueMessagesWaitingFromISR         
000039c4  vQueueDelete                          
00003cfc  xQueueIsQueueEmptyFromISR             
00003d88  xQueueIsQueueFullFromISR              
00003dd8  xEventGroupCreate                     
00003e14  xEventGroupSync                       
00004014  xEventGroupWaitBits                   
00004268  xEventGroupClearBits                  
000042ec  xEventGroupGetBitsFromISR             
0000431c  xEventGroupSetBits                    
000044cc  vEventGroupDelete                     
00004550  vEventGroupSetBitsCallback            
0000456c  vEventGroupClearBitsCallback          
000045f8  vPortStartFirstTask                   
00004688  vPortYieldProcessor                   
00004774  vPortYeildWithinAPI                   
00004868  vPortPreemptiveTick                   
00004968  vPortInitialiseFPSCR                  
00004974  ulPortCountLeadingZeros               
0000497c  vPortSWI                              
00004a4c  prvMpuSetRegion                       
00004a64  prvMpuEnable                          
00004a7c  prvMpuDisable                         
00004aa4  pxPortInitialiseStack                 
00004bb8  vPortStoreTaskMPUSettings             
00004e2c  xPortStartScheduler                   
00004e4c  vPortEndScheduler                     
00004e80  pvPortMalloc                          
000050d8  vPortFree                             
000051d0  xPortGetFreeHeapSize                  
000051dc  xPortGetMinimumEverFreeHeapSize       
000051e8  vPortInitialiseBlocks                 
00005200  __TI_Handler_Table_Base               
0000520c  __TI_Handler_Table_Limit              
00005230  __TI_CINIT_Base                       
00005250  __TI_CINIT_Limit                      
00008020  etpwmInit                             
00008300  etpwmStartTBCLK                       
0000834c  etpwmStopTBCLK                        
00008394  etpwmSetClkDiv                        
000083dc  etpwmSetTimebasePeriod                
000083fc  etpwmSetCount                         
0000841c  etpwmDisableTimebasePeriodShadowMode  
0000843c  etpwmEnableTimebasePeriodShadowMode   
00008460  etpwmEnableCounterLoadOnSync          
000084b0  etpwmDisableCounterLoadOnSync         
000084d4  etpwmSetSyncOut                       
00008510  etpwmSetCounterMode                   
0000854c  etpwmTriggerSWSync                    
0000856c  etpwmSetRunMode                       
000085a4  etpwmSetCmpA                          
000085c4  etpwmSetCmpB                          
000085e4  etpwmEnableCmpAShadowMode             
00008620  etpwmDisableCmpAShadowMode            
00008640  etpwmEnableCmpBShadowMode             
00008680  etpwmDisableCmpBShadowMode            
000086a0  etpwmSetActionQualPwmA                
00008710  etpwmSetActionQualPwmB                
00008780  etpwmEnableDeadBand                   
000087d4  etpwmDisableDeadband                  
000087f0  etpwmSetDeadBandDelay                 
00008820  etpwmEnableChopping                   
00008854  etpwmDisableChopping                  
00008870  etpwmEnableTripZoneSources            
00008898  etpwmDisableTripZoneSources           
000088c8  etpwmSetTripAction                    
00008938  etpwmEnableTripInterrupt              
00008960  etpwmDisableTripInterrupt             
00008990  etpwmClearTripCondition               
000089b0  etpwmClearTripInterruptFlag           
000089cc  etpwmForceTripEvent                   
000089ec  etpwmEnableSOCA                       
00008a60  etpwmDisableSOCA                      
00008a84  etpwmEnableSOCB                       
00008af8  etpwmDisableSOCB                      
00008b18  etpwmEnableInterrupt                  
00008b84  etpwmDisableInterrupt                 
00008ba8  etpwmGetEventStatus                   
00008bc0  etpwmClearEventFlag                   
00008be0  etpwmTriggerEvent                     
00008c00  etpwmEnableDigitalCompareEvents       
00008c8c  etpwm1GetConfigValue                  
00009014  etpwm2GetConfigValue                  
00009308  etpwm3GetConfigValue                  
000095e8  etpwm4GetConfigValue                  
000098c8  etpwm5GetConfigValue                  
00009bb0  etpwm6GetConfigValue                  
00009ebc  etpwm7GetConfigValue                  
0000a37c  canInit                               
0000a47c  canTransmit                           
0000a578  canGetData                            
0000a6d0  canGetID                              
0000a738  canUpdateID                           
0000a7b0  canSendRemoteFrame                    
0000a850  canFillMessageObjectData              
0000a94c  canIsTxMessagePending                 
0000a9a8  canIsRxMessageArrived                 
0000aa04  canIsMessageBoxValid                  
0000aa60  canGetLastError                       
0000aa84  canGetErrorLevel                      
0000aaa8  canEnableErrorNotification            
0000aac8  canEnableStatusChangeNotification     
0000aae8  canDisableStatusChangeNotification    
0000ab08  canDisableErrorNotification           
0000ab28  canEnableloopback                     
0000ab60  canDisableloopback                    
0000ab90  canIoSetDirection                     
0000abe0  canIoSetPort                          
0000ac30  canIoTxGetBit                         
0000ac4c  canIoRxGetBit                         
0000ac68  can1GetConfigValue                    
0000ae20  muxInit                               
0000b7e8  MPU_xTaskCreate                       
0000b84c  MPU_xTaskCreateRestricted             
0000b890  MPU_vTaskAllocateMPURegions           
0000b8c4  MPU_vTaskDelete                       
0000b8f0  MPU_vTaskDelay                        
0000b91c  MPU_vTaskDelayUntil                   
0000b950  MPU_xTaskAbortDelay                   
0000b984  MPU_uxTaskPriorityGet                 
0000b9b8  MPU_eTaskGetState                     
0000b9ec  MPU_vTaskPrioritySet                  
0000ba20  MPU_vTaskSuspend                      
0000ba4c  MPU_vTaskResume                       
0000ba78  MPU_vTaskSuspendAll                   
0000ba9c  MPU_xTaskResumeAll                    
0000bac8  MPU_xTaskGetTickCount                 
0000baf4  MPU_uxTaskGetNumberOfTasks            
0000bb20  MPU_pcTaskGetName                     
0000bb54  MPU_xTaskGetHandle                    
0000bb88  MPU_uxTaskGetStackHighWaterMark       
0000bbbc  MPU_vTaskSetThreadLocalStoragePointer 
0000bc00  MPU_pvTaskGetThreadLocalStoragePointer
0000bc44  MPU_xTaskGetIdleTaskHandle            
0000bc70  MPU_xTaskGenericNotify                
0000bcc4  MPU_xTaskNotifyWait                   
0000bd18  MPU_ulTaskNotifyTake                  
0000bd5c  MPU_xTaskNotifyStateClear             
0000bd90  MPU_vTaskSetTimeOutState              
0000bdbc  MPU_xTaskCheckForTimeOut              
0000be00  MPU_xTaskGetSchedulerState            
0000be2c  MPU_xQueueGenericSend                 
0000be80  MPU_xQueueGenericReceive              
0000bed4  MPU_uxQueueMessagesWaiting            
0000bf08  MPU_uxQueueSpacesAvailable            
0000bf3c  MPU_vQueueDelete                      
0000bf68  MPU_xQueueGenericCreate               
0000bfb4  MPU_xQueueGenericReset                
0000bff8  MPU_xEventGroupCreate                 
0000c024  MPU_xEventGroupWaitBits               
0000c080  MPU_xEventGroupClearBits              
0000c0c4  MPU_xEventGroupSetBits                
0000c108  MPU_xEventGroupSync                   
0000c15c  MPU_vEventGroupDelete                 
0000c188  setupPLL                              
0000c1e8  trimLPO                               
0000c230  setupFlash                            
0000c270  periphInit                            
0000c324  mapClocks                             
0000c450  systemInit                            
0000c4c4  systemPowerDown                       
0000c4f4  getResetSource                        
0000c61c  systemGetConfigValue                  
0000cae4  vimInit                               
0000cbb8  vimChannelMap                         
0000cc5c  vimEnableInterrupt                    
0000ce24  vimDisableInterrupt                   
0000ced0  vimGetConfigValue                     
0000d424  sciInit                               
0000d510  sciSetFunctional                      
0000d530  sciSetBaudrate                        
0000d5cc  sciIsTxReady                          
0000d5e8  sciSendByte                           
0000d618  sciSend                               
0000d77c  sciIsRxReady                          
0000d798  sciIsIdleDetected                     
0000d7b4  sciRxError                            
0000d7e4  sciReceiveByte                        
0000d810  sciReceive                            
0000d920  sciEnableLoopback                     
0000d954  sciDisableLoopback                    
0000d970  sciEnableNotification                 
0000da08  sciDisableNotification                
0000daa0  sciEnterResetState                    
0000dac0  sciExitResetState                     
0000dae0  sci1GetConfigValue                    
0000dcb4  pow                                   
0000dcb4  powl                                  
0000e464  esmInit                               
0000e5c0  esmError                              
0000e5dc  esmEnableError                        
0000e604  esmEnableErrorUpper                   
0000e620  esmDisableError                       
0000e648  esmDisableErrorUpper                  
0000e664  esmTriggerErrorPinReset               
0000e674  esmActivateNormalOperation            
0000e684  esmEnableInterrupt                    
0000e6ac  esmEnableInterruptUpper               
0000e6c8  esmDisableInterrupt                   
0000e6f0  esmDisableInterruptUpper              
0000e70c  esmSetInterruptLevel                  
0000e780  esmSetInterruptLevelUpper             
0000e7c0  esmClearStatus                        
0000e800  esmClearStatusUpper                   
0000e824  esmClearStatusBuffer                  
0000e840  esmSetCounterPreloadValue             
0000e860  esmGetStatus                          
0000e8e4  esmGetStatusUpper                     
0000e92c  esmGetStatusBuffer                    
0000e954  esmEnterSelfTest                      
0000e9dc  esmSelfTestStatus                     
0000ea2c  esmGetConfigValue                     
0000ebf0  main                                  
0000ecb8  task0_func                            
0000ef1c  task1_func                            
0000efc0  wait                                  
0000f000  sci_display                           
0000f07c  canMessageNotification                
0000f0f4  gioInit                               
0000f1c4  gioSetDirection                       
0000f1e4  gioSetBit                             
0000f234  gioSetPort                            
0000f254  gioGetBit                             
0000f27c  gioGetPort                            
0000f294  gioToggleBit                          
0000f2ec  gioEnableNotification                 
0000f354  gioDisableNotification                
0000f3bc  gioGetConfigValue                     
0000f578  _coreInitRegisters_                   
0000f684  _coreInitStackPointer_                
0000f6d0  _getCPSRValue_                        
0000f6d8  _gotoCPUIdle_                         
0000f6f0  _coreEnableVfp_                       
0000f708  _coreEnableEventBusExport_            
0000f718  _coreDisableEventBusExport_           
0000f728  _coreEnableIrqVicOffset_              
0000f738  _coreGetDataFault_                    
0000f740  _coreClearDataFault_                  
0000f74c  _coreGetInstructionFault_             
0000f754  _coreClearInstructionFault_           
0000f760  _coreGetDataFaultAddress_             
0000f768  _coreClearDataFaultAddress_           
0000f774  _coreGetInstructionFaultAddress_      
0000f77c  _coreClearInstructionFaultAddress_    
0000f788  _coreGetAuxiliaryDataFault_           
0000f790  _coreClearAuxiliaryDataFault_         
0000f79c  _coreGetAuxiliaryInstructionFault_    
0000f7a4  _coreClearAuxiliaryInstructionFault_  
0000f7b0  _disable_IRQ_interrupt_               
0000f7b8  _enable_IRQ_interrupt_                
0000f7c0  _enable_interrupt_                    
0000f7c8  _esmCcmErrorsClear_                   
0000f850  _memInit_                             
0000f884  _checkMemInitOn_                      
0000f8a4  _cacheEnable_                         
0000f8e8  _cacheDisable_                        
0000f90c  _dCacheInvalidate_                    
0000f920  _iCacheInvalidate_                    
0000f934  __TI_PINIT_Base                       
0000f938  __TI_PINIT_Limit                      
0000f93c  _mpuInit_                             
0000fbf4  _mpuEnable_                           
0000fc0c  _mpuDisable_                          
0000fc24  _mpuEnableBackgroundRegion_           
0000fc34  _mpuDisableBackgroundRegion_          
0000fc44  _mpuGetNumberOfRegions_               
0000fc50  _mpuAreRegionsSeparate_               
0000fc5c  _mpuSetRegion_                        
0000fc64  _mpuGetRegion_                        
0000fc6c  _mpuSetRegionBaseAddress_             
0000fc74  _mpuGetRegionBaseAddress_             
0000fc7c  _mpuSetRegionTypeAndPermission_       
0000fc88  _mpuGetRegionType_                    
0000fc94  _mpuGetRegionPermission_              
0000fca0  _mpuSetRegionSizeRegister_            
0000fca8  vimECCErrorHandler                    
0001025c  vListInitialise                       
000102b4  vListInitialiseItem                   
000102d0  vListInsertEnd                        
00010344  vListInsert                           
00010408  uxListRemove                          
00010494  can1HighLevelInterrupt                
0001057c  can1LowLevelInterrupt                 
00010630  __aeabi_memcpy                        
00010630  __aeabi_memcpy4                       
00010630  __aeabi_memcpy8                       
00010630  memcpy                                
000107b0  esmHighInterrupt                      
00010a10  xTaskNotifyStateClear                 
00010a8c  floor                                 
00010a8c  floorl                                
00010d04  ldexp                                 
00010d04  ldexpl                                
00010d04  scalbn                                
00010d04  scalbnl                               
00010e24  esmGroup1Notification                 
00010e38  esmGroup2Notification                 
00010e4c  esmGroup3Notification                 
00010e5c  dmaGroupANotification                 
00010e70  canErrorNotification                  
00010e84  canStatusChangeNotification           
00010eac  gioNotification                       
00010ec0  sciNotification                       
00010ed4  etpwmNotification                     
00010ee4  etpwmTripNotification                 
00010ef8  epcCAMFullNotification                
00010efc  epcFIFOFullNotification               
00010f0c  _c_int00                              
00010fc0  __aeabi_memclr                        
00010fc0  __aeabi_memclr4                       
00010fc0  __aeabi_memclr8                       
00010fc4  __aeabi_memset                        
00010fc4  __aeabi_memset4                       
00010fc4  __aeabi_memset8                       
00010fd0  memset                                
00011070  __TI_decompress_lzss                  
00011100  __TI_auto_init_nobinit_nopinit        
00011168  sqrt                                  
00011168  sqrtl                                 
000111a0  strlen                                
000111c0  copysign                              
000111c0  copysignl                             
000111dc  __TI_decompress_none                  
000111f0  __TI_zero_init                        
00011200  __aeabi_errno_addr                    
0001120c  C$$EXIT                               
0001120c  abort                                 
00011214  phantomInterrupt                      
080008d0  pxCurrentTCB                          
08003058  rx_data                               
08003060  accel                                 
08003064  collision                             
08003068  steering                              
0800306c  task0                                 
08003080  ulCriticalNesting                     
08003084  ulTaskHasFPUContext                   
08003088  mutex                                 
0800308c  errno                                 
ffffffff  __TI_pprof_out_hndl                   
ffffffff  __TI_prof_data_size                   
ffffffff  __TI_prof_data_start                  
ffffffff  __binit__                             
ffffffff  __c_args__                            
ffffffff  binit                                 
UNDEFED   SHT$$INIT_ARRAY$$Base                 
UNDEFED   SHT$$INIT_ARRAY$$Limit                
UNDEFED   _system_post_cinit                    

[404 symbols]
